2026-08-11 02:29:50.905 +03:00 [ERR] Hosting failed to start
System.IO.IOException: Failed to bind to address http://127.0.0.1:5275: address already in use.
 ---> Microsoft.AspNetCore.Connections.AddressInUseException: Address already in use
 ---> System.Net.Sockets.SocketException (48): Address already in use
   at System.Net.Sockets.Socket.UpdateStatusAfterSocketErrorAndThrowException(SocketError error, Boolean disconnectOnFailure, String callerName)
   at System.Net.Sockets.Socket.DoBind(EndPoint endPointSnapshot, SocketAddress socketAddress)
   at System.Net.Sockets.Socket.Bind(EndPoint localEP)
   at Microsoft.AspNetCore.Server.Kestrel.Transport.Sockets.SocketTransportOptions.CreateDefaultBoundListenSocket(EndPoint endpoint)
   at Microsoft.AspNetCore.Server.Kestrel.Transport.Sockets.SocketConnectionListener.Bind()
   --- End of inner exception stack trace ---
   at Microsoft.AspNetCore.Server.Kestrel.Transport.Sockets.SocketConnectionListener.Bind()
   at Microsoft.AspNetCore.Server.Kestrel.Transport.Sockets.SocketTransportFactory.BindAsync(EndPoint endpoint, CancellationToken cancellationToken)
   at Microsoft.AspNetCore.Server.Kestrel.Core.Internal.Infrastructure.TransportManager.BindAsync(EndPoint endPoint, ConnectionDelegate connectionDelegate, EndpointConfig endpointConfig, CancellationToken cancellationToken)
   at Microsoft.AspNetCore.Server.Kestrel.Core.KestrelServerImpl.<>c__DisplayClass28_0`1.<<StartAsync>g__OnBind|0>d.MoveNext()
--- End of stack trace from previous location ---
   at Microsoft.AspNetCore.Server.Kestrel.Core.Internal.AddressBinder.BindEndpointAsync(ListenOptions endpoint, AddressBindContext context, CancellationToken cancellationToken)
   --- End of inner exception stack trace ---
   at Microsoft.AspNetCore.Server.Kestrel.Core.Internal.AddressBinder.BindEndpointAsync(ListenOptions endpoint, AddressBindContext context, CancellationToken cancellationToken)
   at Microsoft.AspNetCore.Server.Kestrel.Core.LocalhostListenOptions.BindAsync(AddressBindContext context, CancellationToken cancellationToken)
   at Microsoft.AspNetCore.Server.Kestrel.Core.Internal.AddressBinder.AddressesStrategy.BindAsync(AddressBindContext context, CancellationToken cancellationToken)
   at Microsoft.AspNetCore.Server.Kestrel.Core.KestrelServerImpl.BindAsync(CancellationToken cancellationToken)
   at Microsoft.AspNetCore.Server.Kestrel.Core.KestrelServerImpl.StartAsync[TContext](IHttpApplication`1 application, CancellationToken cancellationToken)
   at Microsoft.AspNetCore.Hosting.GenericWebHostService.StartAsync(CancellationToken cancellationToken)
   at Microsoft.Extensions.Hosting.Internal.Host.<StartAsync>b__14_1(IHostedService service, CancellationToken token)
   at Microsoft.Extensions.Hosting.Internal.Host.ForeachService[T](IEnumerable`1 services, CancellationToken token, Boolean concurrent, Boolean abortOnFirstException, List`1 exceptions, Func`3 operation)
2026-08-11 02:32:17.681 +03:00 [INF] HTTP GET / responded 301 in 5.4061 ms
2026-08-11 02:32:17.720 +03:00 [INF] HTTP GET /index.html responded 200 in 20.3660 ms
2026-08-11 02:32:18.019 +03:00 [INF] HTTP GET /swagger-ui.css responded 200 in 7.1624 ms
2026-08-11 02:32:18.019 +03:00 [INF] HTTP GET /swagger-ui-standalone-preset.js responded 200 in 5.0690 ms
2026-08-11 02:32:18.020 +03:00 [INF] HTTP GET /swagger-ui-bundle.js responded 200 in 5.7716 ms
2026-08-11 02:32:18.107 +03:00 [INF] HTTP GET /favicon-32x32.png responded 200 in 0.2531 ms
2026-08-11 02:32:18.107 +03:00 [INF] HTTP GET /favicon-16x16.png responded 200 in 0.1053 ms
2026-08-11 02:32:18.155 +03:00 [INF] HTTP GET /swagger/v1/swagger.json responded 200 in 38.7803 ms
2026-08-11 02:34:09.467 +03:00 [INF] HTTP GET /index.html responded 200 in 30.0811 ms
2026-08-11 02:34:09.586 +03:00 [INF] HTTP GET /swagger/v1/swagger.json responded 200 in 27.6794 ms
2026-08-11 02:34:37.282 +03:00 [WRN] Failed to determine the https port for redirect.
2026-08-11 02:34:37.350 +03:00 [WRN] You do not have a valid license key for the Lucky Penny software AutoMapper. This is allowed for development and testing scenarios. If you are running in production you are required to have a licensed version. Please visit https://luckypennysoftware.com to obtain a valid license.
2026-08-11 02:34:37.537 +03:00 [INF] HTTP POST /api/Auth/login responded 200 in 260.2589 ms
2026-08-11 02:34:52.008 +03:00 [INF] HTTP GET /api/Admin/categories responded 200 in 177.1499 ms
2026-08-11 02:34:58.207 +03:00 [INF] HTTP POST /api/Admin/assign-role responded 403 in 12.6057 ms
2026-08-11 02:37:28.088 +03:00 [INF] Executed DbCommand (13ms) [Parameters=[], CommandType='"Text"', CommandTimeout='30']
SELECT CASE
    WHEN EXISTS (
        SELECT 1
        FROM [Users] AS [u]
        WHERE [u].[Email] = N'superadmin@sistem.com') THEN CAST(1 AS bit)
    ELSE CAST(0 AS bit)
END
2026-08-11 02:37:28.109 +03:00 [INF] Executed DbCommand (2ms) [Parameters=[], CommandType='"Text"', CommandTimeout='30']
SELECT CASE
    WHEN EXISTS (
        SELECT 1
        FROM [Users] AS [u]
        WHERE [u].[Email] = N'admin@sistem.com') THEN CAST(1 AS bit)
    ELSE CAST(0 AS bit)
END
2026-08-11 02:37:28.113 +03:00 [INF] User profile is available. Using '/Users/yigit/.aspnet/DataProtection-Keys' as key repository; keys will not be encrypted at rest.
2026-08-11 02:37:28.132 +03:00 [INF] Now listening on: http://localhost:5275
2026-08-11 02:37:28.133 +03:00 [INF] Application started. Press Ctrl+C to shut down.
2026-08-11 02:37:28.133 +03:00 [INF] Hosting environment: Development
2026-08-11 02:37:28.133 +03:00 [INF] Content root path: /Users/yigit/RiderProjects/ECommerceManagement/src/ECommerceManagement.Api
2026-08-11 02:37:34.136 +03:00 [INF] Request starting HTTP/1.1 GET http://localhost:5275/index.html - null null
2026-08-11 02:37:34.172 +03:00 [INF] HTTP GET /index.html responded 200 in 24.6377 ms
2026-08-11 02:37:34.173 +03:00 [INF] Request finished HTTP/1.1 GET http://localhost:5275/index.html - 200 null text/html;charset=utf-8 38.0104ms
2026-08-11 02:37:34.585 +03:00 [INF] Request starting HTTP/1.1 GET http://localhost:5275/swagger/v1/swagger.json - null null
2026-08-11 02:37:34.637 +03:00 [INF] HTTP GET /swagger/v1/swagger.json responded 200 in 51.2155 ms
2026-08-11 02:37:34.638 +03:00 [INF] Request finished HTTP/1.1 GET http://localhost:5275/swagger/v1/swagger.json - 200 null application/json;charset=utf-8 53.1327ms
2026-08-11 02:38:00.158 +03:00 [INF] Request starting HTTP/1.1 POST http://localhost:5275/api/Auth/login - application/json 70
2026-08-11 02:38:00.164 +03:00 [WRN] Failed to determine the https port for redirect.
2026-08-11 02:38:00.200 +03:00 [INF] Executing endpoint 'ECommerceManagement.Api.Controllers.AuthController.Login (ECommerceManagement.Api)'
2026-08-11 02:38:00.211 +03:00 [INF] Route matched with {action = "Login", controller = "Auth"}. Executing controller action with signature System.Threading.Tasks.Task`1[Microsoft.AspNetCore.Mvc.IActionResult] Login(ECommerceManagement.Application.DTOs.Auth.LoginDto) on controller ECommerceManagement.Api.Controllers.AuthController (ECommerceManagement.Api).
2026-08-11 02:38:00.246 +03:00 [WRN] You do not have a valid license key for the Lucky Penny software AutoMapper. This is allowed for development and testing scenarios. If you are running in production you are required to have a licensed version. Please visit https://luckypennysoftware.com to obtain a valid license.
2026-08-11 02:38:00.286 +03:00 [INF] Executed DbCommand (9ms) [Parameters=[], CommandType='"Text"', CommandTimeout='30']
SELECT [u].[Id], [u].[CreatedAt], [u].[Email], [u].[IsActive], [u].[PasswordHash], [u].[RefreshToken], [u].[RefreshTokenExpiresAt], [u].[Username]
FROM [Users] AS [u]
2026-08-11 02:38:00.375 +03:00 [INF] Executed DbCommand (16ms) [Parameters=[@p7='?' (DbType = Int32), @p0='?' (DbType = DateTime2), @p1='?' (Size = 450), @p2='?' (DbType = Boolean), @p3='?' (Size = 4000), @p4='?' (Size = 4000), @p5='?' (DbType = DateTime2), @p6='?' (Size = 4000)], CommandType='"Text"', CommandTimeout='30']
SET IMPLICIT_TRANSACTIONS OFF;
SET NOCOUNT ON;
UPDATE [Users] SET [CreatedAt] = @p0, [Email] = @p1, [IsActive] = @p2, [PasswordHash] = @p3, [RefreshToken] = @p4, [RefreshTokenExpiresAt] = @p5, [Username] = @p6
OUTPUT 1
WHERE [Id] = @p7;
2026-08-11 02:38:00.379 +03:00 [INF] Executing OkObjectResult, writing value of type 'ECommerceManagement.Application.DTOs.Auth.TokenResponseDto'.
2026-08-11 02:38:00.382 +03:00 [INF] Executed action ECommerceManagement.Api.Controllers.AuthController.Login (ECommerceManagement.Api) in 170.6714ms
2026-08-11 02:38:00.383 +03:00 [INF] Executed endpoint 'ECommerceManagement.Api.Controllers.AuthController.Login (ECommerceManagement.Api)'
2026-08-11 02:38:00.383 +03:00 [INF] HTTP POST /api/Auth/login responded 200 in 223.4205 ms
2026-08-11 02:38:00.384 +03:00 [INF] Request finished HTTP/1.1 POST http://localhost:5275/api/Auth/login - 200 null application/json; charset=utf-8 225.7768ms
2026-08-11 02:38:21.910 +03:00 [INF] Request starting HTTP/1.1 GET http://localhost:5275/api/Seller/products?sellerId=1 - null null
2026-08-11 02:38:21.948 +03:00 [INF] Authorization failed. These requirements were not met:
RolesAuthorizationRequirement:User.IsInRole must be true for one of the following roles: (Seller)
2026-08-11 02:38:21.949 +03:00 [INF] AuthenticationScheme: Bearer was forbidden.
2026-08-11 02:38:21.950 +03:00 [INF] HTTP GET /api/Seller/products responded 403 in 37.3308 ms
2026-08-11 02:38:21.950 +03:00 [INF] Request finished HTTP/1.1 GET http://localhost:5275/api/Seller/products?sellerId=1 - 403 0 null 39.9641ms
2026-08-11 02:38:29.590 +03:00 [INF] Request starting HTTP/1.1 GET http://localhost:5275/api/Admin/categories - null null
2026-08-11 02:38:29.601 +03:00 [INF] Executing endpoint 'ECommerceManagement.Api.Controllers.AdminController.GetAllCategories (ECommerceManagement.Api)'
2026-08-11 02:38:29.607 +03:00 [INF] Route matched with {action = "GetAllCategories", controller = "Admin"}. Executing controller action with signature System.Threading.Tasks.Task`1[Microsoft.AspNetCore.Mvc.IActionResult] GetAllCategories() on controller ECommerceManagement.Api.Controllers.AdminController (ECommerceManagement.Api).
2026-08-11 02:38:29.653 +03:00 [INF] Executed DbCommand (4ms) [Parameters=[], CommandType='"Text"', CommandTimeout='30']
SELECT [c].[Id], [c].[CreatedAt], [c].[Name], [c].[ParentCategoryId]
FROM [Categories] AS [c]
2026-08-11 02:38:29.659 +03:00 [INF] Executing OkObjectResult, writing value of type 'System.Collections.Generic.List`1[[ECommerceManagement.Application.DTOs.Catalog.CategoryDto, ECommerceManagement.Application, Version=1.0.0.0, Culture=neutral, PublicKeyToken=null]]'.
2026-08-11 02:38:29.662 +03:00 [INF] Executed action ECommerceManagement.Api.Controllers.AdminController.GetAllCategories (ECommerceManagement.Api) in 54.1686ms
2026-08-11 02:38:29.662 +03:00 [INF] Executed endpoint 'ECommerceManagement.Api.Controllers.AdminController.GetAllCategories (ECommerceManagement.Api)'
2026-08-11 02:38:29.662 +03:00 [INF] HTTP GET /api/Admin/categories responded 200 in 71.4043 ms
2026-08-11 02:38:29.662 +03:00 [INF] Request finished HTTP/1.1 GET http://localhost:5275/api/Admin/categories - 200 null application/json; charset=utf-8 71.8075ms
2026-08-11 02:38:35.438 +03:00 [INF] Request starting HTTP/1.1 GET http://localhost:5275/api/Admin/warehouses - null null
2026-08-11 02:38:35.442 +03:00 [INF] Executing endpoint 'ECommerceManagement.Api.Controllers.AdminController.GetAllWarehouses (ECommerceManagement.Api)'
2026-08-11 02:38:35.448 +03:00 [INF] Route matched with {action = "GetAllWarehouses", controller = "Admin"}. Executing controller action with signature System.Threading.Tasks.Task`1[Microsoft.AspNetCore.Mvc.IActionResult] GetAllWarehouses() on controller ECommerceManagement.Api.Controllers.AdminController (ECommerceManagement.Api).
2026-08-11 02:38:35.471 +03:00 [INF] Executed DbCommand (16ms) [Parameters=[], CommandType='"Text"', CommandTimeout='30']
SELECT [w].[Id], [w].[CreatedAt], [w].[IsActive], [w].[Location], [w].[Name]
FROM [Warehouses] AS [w]
2026-08-11 02:38:35.474 +03:00 [INF] Executing OkObjectResult, writing value of type 'System.Collections.Generic.List`1[[ECommerceManagement.Application.DTOs.Catalog.WarehouseDto, ECommerceManagement.Application, Version=1.0.0.0, Culture=neutral, PublicKeyToken=null]]'.
2026-08-11 02:38:35.475 +03:00 [INF] Executed action ECommerceManagement.Api.Controllers.AdminController.GetAllWarehouses (ECommerceManagement.Api) in 26.903ms
2026-08-11 02:38:35.475 +03:00 [INF] Executed endpoint 'ECommerceManagement.Api.Controllers.AdminController.GetAllWarehouses (ECommerceManagement.Api)'
2026-08-11 02:38:35.475 +03:00 [INF] HTTP GET /api/Admin/warehouses responded 200 in 36.7503 ms
2026-08-11 02:38:35.476 +03:00 [INF] Request finished HTTP/1.1 GET http://localhost:5275/api/Admin/warehouses - 200 null application/json; charset=utf-8 37.9185ms
2026-08-11 02:38:44.507 +03:00 [INF] Request starting HTTP/1.1 GET http://localhost:5275/api/CustomerOrder/orders?customerId=1 - null null
2026-08-11 02:38:44.507 +03:00 [INF] Authorization failed. These requirements were not met:
RolesAuthorizationRequirement:User.IsInRole must be true for one of the following roles: (Customer)
2026-08-11 02:38:44.508 +03:00 [INF] AuthenticationScheme: Bearer was forbidden.
2026-08-11 02:38:44.508 +03:00 [INF] HTTP GET /api/CustomerOrder/orders responded 403 in 0.6472 ms
2026-08-11 02:38:44.508 +03:00 [INF] Request finished HTTP/1.1 GET http://localhost:5275/api/CustomerOrder/orders?customerId=1 - 403 0 null 1.0277ms
2026-08-11 02:39:03.850 +03:00 [INF] Request starting HTTP/1.1 POST http://localhost:5275/api/Auth/login - application/json 60
2026-08-11 02:39:03.852 +03:00 [INF] Executing endpoint 'ECommerceManagement.Api.Controllers.AuthController.Login (ECommerceManagement.Api)'
2026-08-11 02:39:03.852 +03:00 [INF] Route matched with {action = "Login", controller = "Auth"}. Executing controller action with signature System.Threading.Tasks.Task`1[Microsoft.AspNetCore.Mvc.IActionResult] Login(ECommerceManagement.Application.DTOs.Auth.LoginDto) on controller ECommerceManagement.Api.Controllers.AuthController (ECommerceManagement.Api).
2026-08-11 02:39:03.859 +03:00 [INF] Executed DbCommand (3ms) [Parameters=[], CommandType='"Text"', CommandTimeout='30']
SELECT [u].[Id], [u].[CreatedAt], [u].[Email], [u].[IsActive], [u].[PasswordHash], [u].[RefreshToken], [u].[RefreshTokenExpiresAt], [u].[Username]
FROM [Users] AS [u]
2026-08-11 02:39:03.916 +03:00 [INF] Executed DbCommand (4ms) [Parameters=[@p7='?' (DbType = Int32), @p0='?' (DbType = DateTime2), @p1='?' (Size = 450), @p2='?' (DbType = Boolean), @p3='?' (Size = 4000), @p4='?' (Size = 4000), @p5='?' (DbType = DateTime2), @p6='?' (Size = 4000)], CommandType='"Text"', CommandTimeout='30']
SET IMPLICIT_TRANSACTIONS OFF;
SET NOCOUNT ON;
UPDATE [Users] SET [CreatedAt] = @p0, [Email] = @p1, [IsActive] = @p2, [PasswordHash] = @p3, [RefreshToken] = @p4, [RefreshTokenExpiresAt] = @p5, [Username] = @p6
OUTPUT 1
WHERE [Id] = @p7;
2026-08-11 02:39:03.916 +03:00 [INF] Executing OkObjectResult, writing value of type 'ECommerceManagement.Application.DTOs.Auth.TokenResponseDto'.
2026-08-11 02:39:03.916 +03:00 [INF] Executed action ECommerceManagement.Api.Controllers.AuthController.Login (ECommerceManagement.Api) in 63.3387ms
2026-08-11 02:39:03.916 +03:00 [INF] Executed endpoint 'ECommerceManagement.Api.Controllers.AuthController.Login (ECommerceManagement.Api)'
2026-08-11 02:39:03.916 +03:00 [INF] HTTP POST /api/Auth/login responded 200 in 65.0565 ms
2026-08-11 02:39:03.917 +03:00 [INF] Request finished HTTP/1.1 POST http://localhost:5275/api/Auth/login - 200 null application/json; charset=utf-8 66.2595ms
2026-08-11 02:39:18.987 +03:00 [INF] Request starting HTTP/1.1 GET http://localhost:5275/api/Admin/categories - null null
2026-08-11 02:39:19.059 +03:00 [INF] Executing endpoint 'ECommerceManagement.Api.Controllers.AdminController.GetAllCategories (ECommerceManagement.Api)'
2026-08-11 02:39:19.059 +03:00 [INF] Route matched with {action = "GetAllCategories", controller = "Admin"}. Executing controller action with signature System.Threading.Tasks.Task`1[Microsoft.AspNetCore.Mvc.IActionResult] GetAllCategories() on controller ECommerceManagement.Api.Controllers.AdminController (ECommerceManagement.Api).
2026-08-11 02:39:19.065 +03:00 [INF] Executed DbCommand (3ms) [Parameters=[], CommandType='"Text"', CommandTimeout='30']
SELECT [c].[Id], [c].[CreatedAt], [c].[Name], [c].[ParentCategoryId]
FROM [Categories] AS [c]
2026-08-11 02:39:19.065 +03:00 [INF] Executing OkObjectResult, writing value of type 'System.Collections.Generic.List`1[[ECommerceManagement.Application.DTOs.Catalog.CategoryDto, ECommerceManagement.Application, Version=1.0.0.0, Culture=neutral, PublicKeyToken=null]]'.
2026-08-11 02:39:19.065 +03:00 [INF] Executed action ECommerceManagement.Api.Controllers.AdminController.GetAllCategories (ECommerceManagement.Api) in 6.1146ms
2026-08-11 02:39:19.065 +03:00 [INF] Executed endpoint 'ECommerceManagement.Api.Controllers.AdminController.GetAllCategories (ECommerceManagement.Api)'
2026-08-11 02:39:19.065 +03:00 [INF] HTTP GET /api/Admin/categories responded 200 in 78.7836 ms
2026-08-11 02:39:19.066 +03:00 [INF] Request finished HTTP/1.1 GET http://localhost:5275/api/Admin/categories - 200 null application/json; charset=utf-8 79.0782ms
2026-08-11 02:39:27.503 +03:00 [INF] Request starting HTTP/1.1 GET http://localhost:5275/api/Seller/products?sellerId=1 - null null
2026-08-11 02:39:27.504 +03:00 [INF] Authorization failed. These requirements were not met:
RolesAuthorizationRequirement:User.IsInRole must be true for one of the following roles: (Seller)
2026-08-11 02:39:27.504 +03:00 [INF] AuthenticationScheme: Bearer was forbidden.
2026-08-11 02:39:27.504 +03:00 [INF] HTTP GET /api/Seller/products responded 403 in 0.5285 ms
2026-08-11 02:39:27.504 +03:00 [INF] Request finished HTTP/1.1 GET http://localhost:5275/api/Seller/products?sellerId=1 - 403 0 null 1.2ms
2026-08-11 02:40:05.444 +03:00 [INF] Request starting HTTP/1.1 POST http://localhost:5275/api/Auth/register-customer - application/json 134
2026-08-11 02:40:05.445 +03:00 [INF] Executing endpoint 'ECommerceManagement.Api.Controllers.AuthController.RegisterCustomer (ECommerceManagement.Api)'
2026-08-11 02:40:05.455 +03:00 [INF] Route matched with {action = "RegisterCustomer", controller = "Auth"}. Executing controller action with signature System.Threading.Tasks.Task`1[Microsoft.AspNetCore.Mvc.IActionResult] RegisterCustomer(ECommerceManagement.Application.DTOs.Auth.CustomerRegisterDto) on controller ECommerceManagement.Api.Controllers.AuthController (ECommerceManagement.Api).
2026-08-11 02:40:05.471 +03:00 [INF] Executing BadRequestObjectResult, writing value of type 'Microsoft.AspNetCore.Mvc.ValidationProblemDetails'.
2026-08-11 02:40:05.481 +03:00 [INF] Executed action ECommerceManagement.Api.Controllers.AuthController.RegisterCustomer (ECommerceManagement.Api) in 25.5381ms
2026-08-11 02:40:05.481 +03:00 [INF] Executed endpoint 'ECommerceManagement.Api.Controllers.AuthController.RegisterCustomer (ECommerceManagement.Api)'
2026-08-11 02:40:05.481 +03:00 [INF] HTTP POST /api/Auth/register-customer responded 400 in 36.2320 ms
2026-08-11 02:40:05.481 +03:00 [INF] Request finished HTTP/1.1 POST http://localhost:5275/api/Auth/register-customer - 400 null application/problem+json; charset=utf-8 37.2531ms
2026-08-11 02:40:30.735 +03:00 [INF] Request starting HTTP/1.1 POST http://localhost:5275/api/Auth/register-customer - application/json 146
2026-08-11 02:40:30.738 +03:00 [INF] Executing endpoint 'ECommerceManagement.Api.Controllers.AuthController.RegisterCustomer (ECommerceManagement.Api)'
2026-08-11 02:40:30.738 +03:00 [INF] Route matched with {action = "RegisterCustomer", controller = "Auth"}. Executing controller action with signature System.Threading.Tasks.Task`1[Microsoft.AspNetCore.Mvc.IActionResult] RegisterCustomer(ECommerceManagement.Application.DTOs.Auth.CustomerRegisterDto) on controller ECommerceManagement.Api.Controllers.AuthController (ECommerceManagement.Api).
2026-08-11 02:40:30.745 +03:00 [INF] Executed DbCommand (3ms) [Parameters=[], CommandType='"Text"', CommandTimeout='30']
SELECT [u].[Id], [u].[CreatedAt], [u].[Email], [u].[IsActive], [u].[PasswordHash], [u].[RefreshToken], [u].[RefreshTokenExpiresAt], [u].[Username]
FROM [Users] AS [u]
2026-08-11 02:40:30.847 +03:00 [INF] Executed DbCommand (30ms) [Parameters=[@p0='?' (DbType = DateTime2), @p1='?' (Size = 450), @p2='?' (DbType = Boolean), @p3='?' (Size = 4000), @p4='?' (Size = 4000), @p5='?' (DbType = DateTime2), @p6='?' (Size = 4000)], CommandType='"Text"', CommandTimeout='30']
SET IMPLICIT_TRANSACTIONS OFF;
SET NOCOUNT ON;
INSERT INTO [Users] ([CreatedAt], [Email], [IsActive], [PasswordHash], [RefreshToken], [RefreshTokenExpiresAt], [Username])
OUTPUT INSERTED.[Id]
VALUES (@p0, @p1, @p2, @p3, @p4, @p5, @p6);
2026-08-11 02:40:30.891 +03:00 [INF] Executed DbCommand (17ms) [Parameters=[@p0='?' (DbType = DateTime2), @p1='?' (Size = 4000), @p2='?' (Size = 4000), @p3='?' (Size = 4000), @p4='?' (DbType = Int32), @p5='?' (DbType = Int32), @p6='?' (DbType = Int32)], CommandType='"Text"', CommandTimeout='30']
SET NOCOUNT ON;
INSERT INTO [Customers] ([CreatedAt], [FirstName], [LastName], [Phone], [UserId])
OUTPUT INSERTED.[Id]
VALUES (@p0, @p1, @p2, @p3, @p4);
INSERT INTO [UserRoles] ([RoleId], [UserId])
VALUES (@p5, @p6);
2026-08-11 02:40:30.899 +03:00 [INF] Executed DbCommand (2ms) [Parameters=[@p7='?' (DbType = Int32), @p0='?' (DbType = DateTime2), @p1='?' (Size = 450), @p2='?' (DbType = Boolean), @p3='?' (Size = 4000), @p4='?' (Size = 4000), @p5='?' (DbType = DateTime2), @p6='?' (Size = 4000)], CommandType='"Text"', CommandTimeout='30']
SET IMPLICIT_TRANSACTIONS OFF;
SET NOCOUNT ON;
UPDATE [Users] SET [CreatedAt] = @p0, [Email] = @p1, [IsActive] = @p2, [PasswordHash] = @p3, [RefreshToken] = @p4, [RefreshTokenExpiresAt] = @p5, [Username] = @p6
OUTPUT 1
WHERE [Id] = @p7;
2026-08-11 02:40:30.900 +03:00 [INF] Executing OkObjectResult, writing value of type 'ECommerceManagement.Application.DTOs.Auth.TokenResponseDto'.
2026-08-11 02:40:30.900 +03:00 [INF] Executed action ECommerceManagement.Api.Controllers.AuthController.RegisterCustomer (ECommerceManagement.Api) in 161.5763ms
2026-08-11 02:40:30.900 +03:00 [INF] Executed endpoint 'ECommerceManagement.Api.Controllers.AuthController.RegisterCustomer (ECommerceManagement.Api)'
2026-08-11 02:40:30.900 +03:00 [INF] HTTP POST /api/Auth/register-customer responded 200 in 162.5863 ms
2026-08-11 02:40:30.900 +03:00 [INF] Request finished HTTP/1.1 POST http://localhost:5275/api/Auth/register-customer - 200 null application/json; charset=utf-8 165.349ms
2026-08-11 02:40:57.410 +03:00 [INF] Request starting HTTP/1.1 GET http://localhost:5275/api/CustomerOrder/orders?customerId=1 - null null
2026-08-11 02:40:57.415 +03:00 [INF] Executing endpoint 'ECommerceManagement.Api.Controllers.CustomerOrderController.GetMyOrders (ECommerceManagement.Api)'
2026-08-11 02:40:57.422 +03:00 [INF] Route matched with {action = "GetMyOrders", controller = "CustomerOrder"}. Executing controller action with signature System.Threading.Tasks.Task`1[Microsoft.AspNetCore.Mvc.IActionResult] GetMyOrders(Int32) on controller ECommerceManagement.Api.Controllers.CustomerOrderController (ECommerceManagement.Api).
2026-08-11 02:40:57.508 +03:00 [INF] Executed DbCommand (14ms) [Parameters=[], CommandType='"Text"', CommandTimeout='30']
SELECT [o].[Id], [o].[BillingAddressId], [o].[CreatedAt], [o].[CustomerId], [o].[SellerId], [o].[ShippingAddressId], [o].[Status], [o].[TotalAmount], [o].[UpdatedAt], [c].[Id], [c].[CreatedAt], [c].[FirstName], [c].[LastName], [c].[Phone], [c].[UserId], [o0].[Id], [o0].[CreatedAt], [o0].[LineTotal], [o0].[OrderId], [o0].[ProductId], [o0].[Quantity], [o0].[UnitPrice]
FROM [Orders] AS [o]
INNER JOIN [Customers] AS [c] ON [o].[CustomerId] = [c].[Id]
LEFT JOIN [OrderItems] AS [o0] ON [o].[Id] = [o0].[OrderId]
ORDER BY [o].[Id], [c].[Id]
2026-08-11 02:40:57.515 +03:00 [INF] Executed DbCommand (4ms) [Parameters=[], CommandType='"Text"', CommandTimeout='30']
SELECT [p].[Id], [p].[CategoryId], [p].[CreatedAt], [p].[IsActive], [p].[Name], [p].[Price], [p].[Quantity], [p].[SellerId], [p].[Sku], [p].[UpdatedAt], [p].[WarehouseId]
FROM [Products] AS [p]
2026-08-11 02:40:57.516 +03:00 [INF] Executing OkObjectResult, writing value of type 'System.Linq.Enumerable+ListWhereSelectIterator`2[[ECommerceManagement.Domain.Entities.Order, ECommerceManagement.Domain, Version=1.0.0.0, Culture=neutral, PublicKeyToken=null],[ECommerceManagement.Application.DTOs.Orders.OrderDto, ECommerceManagement.Application, Version=1.0.0.0, Culture=neutral, PublicKeyToken=null]]'.
2026-08-11 02:40:57.520 +03:00 [INF] Executed action ECommerceManagement.Api.Controllers.CustomerOrderController.GetMyOrders (ECommerceManagement.Api) in 97.3984ms
2026-08-11 02:40:57.520 +03:00 [INF] Executed endpoint 'ECommerceManagement.Api.Controllers.CustomerOrderController.GetMyOrders (ECommerceManagement.Api)'
2026-08-11 02:40:57.520 +03:00 [INF] HTTP GET /api/CustomerOrder/orders responded 200 in 105.9534 ms
2026-08-11 02:40:57.520 +03:00 [INF] Request finished HTTP/1.1 GET http://localhost:5275/api/CustomerOrder/orders?customerId=1 - 200 null application/json; charset=utf-8 109.9376ms
2026-08-11 02:41:01.169 +03:00 [INF] Request starting HTTP/1.1 GET http://localhost:5275/api/CustomerOrder/orders?customerId=2 - null null
2026-08-11 02:41:01.170 +03:00 [INF] Executing endpoint 'ECommerceManagement.Api.Controllers.CustomerOrderController.GetMyOrders (ECommerceManagement.Api)'
2026-08-11 02:41:01.170 +03:00 [INF] Route matched with {action = "GetMyOrders", controller = "CustomerOrder"}. Executing controller action with signature System.Threading.Tasks.Task`1[Microsoft.AspNetCore.Mvc.IActionResult] GetMyOrders(Int32) on controller ECommerceManagement.Api.Controllers.CustomerOrderController (ECommerceManagement.Api).
2026-08-11 02:41:01.181 +03:00 [INF] Executed DbCommand (4ms) [Parameters=[], CommandType='"Text"', CommandTimeout='30']
SELECT [o].[Id], [o].[BillingAddressId], [o].[CreatedAt], [o].[CustomerId], [o].[SellerId], [o].[ShippingAddressId], [o].[Status], [o].[TotalAmount], [o].[UpdatedAt], [c].[Id], [c].[CreatedAt], [c].[FirstName], [c].[LastName], [c].[Phone], [c].[UserId], [o0].[Id], [o0].[CreatedAt], [o0].[LineTotal], [o0].[OrderId], [o0].[ProductId], [o0].[Quantity], [o0].[UnitPrice]
FROM [Orders] AS [o]
INNER JOIN [Customers] AS [c] ON [o].[CustomerId] = [c].[Id]
LEFT JOIN [OrderItems] AS [o0] ON [o].[Id] = [o0].[OrderId]
ORDER BY [o].[Id], [c].[Id]
2026-08-11 02:41:01.183 +03:00 [INF] Executed DbCommand (2ms) [Parameters=[], CommandType='"Text"', CommandTimeout='30']
SELECT [p].[Id], [p].[CategoryId], [p].[CreatedAt], [p].[IsActive], [p].[Name], [p].[Price], [p].[Quantity], [p].[SellerId], [p].[Sku], [p].[UpdatedAt], [p].[WarehouseId]
FROM [Products] AS [p]
2026-08-11 02:41:01.184 +03:00 [INF] Executing OkObjectResult, writing value of type 'System.Linq.Enumerable+ListWhereSelectIterator`2[[ECommerceManagement.Domain.Entities.Order, ECommerceManagement.Domain, Version=1.0.0.0, Culture=neutral, PublicKeyToken=null],[ECommerceManagement.Application.DTOs.Orders.OrderDto, ECommerceManagement.Application, Version=1.0.0.0, Culture=neutral, PublicKeyToken=null]]'.
2026-08-11 02:41:01.184 +03:00 [INF] Executed action ECommerceManagement.Api.Controllers.CustomerOrderController.GetMyOrders (ECommerceManagement.Api) in 13.7091ms
2026-08-11 02:41:01.184 +03:00 [INF] Executed endpoint 'ECommerceManagement.Api.Controllers.CustomerOrderController.GetMyOrders (ECommerceManagement.Api)'
2026-08-11 02:41:01.184 +03:00 [INF] HTTP GET /api/CustomerOrder/orders responded 200 in 14.8234 ms
2026-08-11 02:41:01.184 +03:00 [INF] Request finished HTTP/1.1 GET http://localhost:5275/api/CustomerOrder/orders?customerId=2 - 200 null application/json; charset=utf-8 15.2467ms
2026-08-11 02:41:04.952 +03:00 [INF] Request starting HTTP/1.1 GET http://localhost:5275/api/CustomerOrder/orders?customerId=3 - null null
2026-08-11 02:41:04.952 +03:00 [INF] Executing endpoint 'ECommerceManagement.Api.Controllers.CustomerOrderController.GetMyOrders (ECommerceManagement.Api)'
2026-08-11 02:41:04.953 +03:00 [INF] Route matched with {action = "GetMyOrders", controller = "CustomerOrder"}. Executing controller action with signature System.Threading.Tasks.Task`1[Microsoft.AspNetCore.Mvc.IActionResult] GetMyOrders(Int32) on controller ECommerceManagement.Api.Controllers.CustomerOrderController (ECommerceManagement.Api).
2026-08-11 02:41:04.958 +03:00 [INF] Executed DbCommand (2ms) [Parameters=[], CommandType='"Text"', CommandTimeout='30']
SELECT [o].[Id], [o].[BillingAddressId], [o].[CreatedAt], [o].[CustomerId], [o].[SellerId], [o].[ShippingAddressId], [o].[Status], [o].[TotalAmount], [o].[UpdatedAt], [c].[Id], [c].[CreatedAt], [c].[FirstName], [c].[LastName], [c].[Phone], [c].[UserId], [o0].[Id], [o0].[CreatedAt], [o0].[LineTotal], [o0].[OrderId], [o0].[ProductId], [o0].[Quantity], [o0].[UnitPrice]
FROM [Orders] AS [o]
INNER JOIN [Customers] AS [c] ON [o].[CustomerId] = [c].[Id]
LEFT JOIN [OrderItems] AS [o0] ON [o].[Id] = [o0].[OrderId]
ORDER BY [o].[Id], [c].[Id]
2026-08-11 02:41:04.960 +03:00 [INF] Executed DbCommand (2ms) [Parameters=[], CommandType='"Text"', CommandTimeout='30']
SELECT [p].[Id], [p].[CategoryId], [p].[CreatedAt], [p].[IsActive], [p].[Name], [p].[Price], [p].[Quantity], [p].[SellerId], [p].[Sku], [p].[UpdatedAt], [p].[WarehouseId]
FROM [Products] AS [p]
2026-08-11 02:41:04.960 +03:00 [INF] Executing OkObjectResult, writing value of type 'System.Linq.Enumerable+ListWhereSelectIterator`2[[ECommerceManagement.Domain.Entities.Order, ECommerceManagement.Domain, Version=1.0.0.0, Culture=neutral, PublicKeyToken=null],[ECommerceManagement.Application.DTOs.Orders.OrderDto, ECommerceManagement.Application, Version=1.0.0.0, Culture=neutral, PublicKeyToken=null]]'.
2026-08-11 02:41:04.961 +03:00 [INF] Executed action ECommerceManagement.Api.Controllers.CustomerOrderController.GetMyOrders (ECommerceManagement.Api) in 7.7813ms
2026-08-11 02:41:04.961 +03:00 [INF] Executed endpoint 'ECommerceManagement.Api.Controllers.CustomerOrderController.GetMyOrders (ECommerceManagement.Api)'
2026-08-11 02:41:04.961 +03:00 [INF] HTTP GET /api/CustomerOrder/orders responded 200 in 8.7244 ms
2026-08-11 02:41:04.961 +03:00 [INF] Request finished HTTP/1.1 GET http://localhost:5275/api/CustomerOrder/orders?customerId=3 - 200 null application/json; charset=utf-8 9.1277ms
2026-08-11 02:41:10.387 +03:00 [INF] Request starting HTTP/1.1 GET http://localhost:5275/api/Seller/products?sellerId=1 - null null
2026-08-11 02:41:10.388 +03:00 [INF] Authorization failed. These requirements were not met:
RolesAuthorizationRequirement:User.IsInRole must be true for one of the following roles: (Seller)
2026-08-11 02:41:10.388 +03:00 [INF] AuthenticationScheme: Bearer was forbidden.
2026-08-11 02:41:10.388 +03:00 [INF] HTTP GET /api/Seller/products responded 403 in 0.8959 ms
2026-08-11 02:41:10.389 +03:00 [INF] Request finished HTTP/1.1 GET http://localhost:5275/api/Seller/products?sellerId=1 - 403 0 null 1.5772ms
2026-08-11 02:41:38.316 +03:00 [INF] Application is shutting down...
2026-08-11 09:05:25.336 +03:00 [INF] Executed DbCommand (32ms) [Parameters=[], CommandType='"Text"', CommandTimeout='30']
SELECT CASE
    WHEN EXISTS (
        SELECT 1
        FROM [Users] AS [u]
        WHERE [u].[Email] = N'superadmin@sistem.com') THEN CAST(1 AS bit)
    ELSE CAST(0 AS bit)
END
2026-08-11 09:05:25.365 +03:00 [INF] Executed DbCommand (10ms) [Parameters=[], CommandType='"Text"', CommandTimeout='30']
SELECT CASE
    WHEN EXISTS (
        SELECT 1
        FROM [Users] AS [u]
        WHERE [u].[Email] = N'admin@sistem.com') THEN CAST(1 AS bit)
    ELSE CAST(0 AS bit)
END
2026-08-11 09:05:25.369 +03:00 [INF] User profile is available. Using '/Users/yigit/.aspnet/DataProtection-Keys' as key repository; keys will not be encrypted at rest.
2026-08-11 09:05:25.385 +03:00 [INF] Now listening on: http://localhost:5275
2026-08-11 09:05:25.385 +03:00 [INF] Application started. Press Ctrl+C to shut down.
2026-08-11 09:05:25.385 +03:00 [INF] Hosting environment: Development
2026-08-11 09:05:25.385 +03:00 [INF] Content root path: /Users/yigit/RiderProjects/ECommerceManagement/src/ECommerceManagement.Api
2026-08-11 09:05:26.959 +03:00 [INF] Request starting HTTP/1.1 GET http://localhost:5275/index.html - null null
2026-08-11 09:05:26.984 +03:00 [INF] HTTP GET /index.html responded 200 in 19.3448 ms
2026-08-11 09:05:26.985 +03:00 [INF] Request finished HTTP/1.1 GET http://localhost:5275/index.html - 200 null text/html;charset=utf-8 26.6361ms
2026-08-11 09:05:27.375 +03:00 [INF] Request starting HTTP/1.1 GET http://localhost:5275/swagger/v1/swagger.json - null null
2026-08-11 09:05:27.405 +03:00 [INF] HTTP GET /swagger/v1/swagger.json responded 200 in 29.4620 ms
2026-08-11 09:05:27.406 +03:00 [INF] Request finished HTTP/1.1 GET http://localhost:5275/swagger/v1/swagger.json - 200 null application/json;charset=utf-8 30.7832ms
2026-08-11 09:05:59.767 +03:00 [INF] Request starting HTTP/1.1 POST http://localhost:5275/api/Auth/login - application/json 70
2026-08-11 09:05:59.771 +03:00 [WRN] Failed to determine the https port for redirect.
2026-08-11 09:05:59.799 +03:00 [INF] Executing endpoint 'ECommerceManagement.Api.Controllers.AuthController.Login (ECommerceManagement.Api)'
2026-08-11 09:05:59.809 +03:00 [INF] Route matched with {action = "Login", controller = "Auth"}. Executing controller action with signature System.Threading.Tasks.Task`1[Microsoft.AspNetCore.Mvc.IActionResult] Login(ECommerceManagement.Application.DTOs.Auth.LoginDto) on controller ECommerceManagement.Api.Controllers.AuthController (ECommerceManagement.Api).
2026-08-11 09:05:59.848 +03:00 [WRN] You do not have a valid license key for the Lucky Penny software AutoMapper. This is allowed for development and testing scenarios. If you are running in production you are required to have a licensed version. Please visit https://luckypennysoftware.com to obtain a valid license.
2026-08-11 09:05:59.887 +03:00 [INF] Executed DbCommand (13ms) [Parameters=[], CommandType='"Text"', CommandTimeout='30']
SELECT [u].[Id], [u].[CreatedAt], [u].[Email], [u].[IsActive], [u].[PasswordHash], [u].[RefreshToken], [u].[RefreshTokenExpiresAt], [u].[Username]
FROM [Users] AS [u]
2026-08-11 09:06:00.001 +03:00 [INF] Executed DbCommand (39ms) [Parameters=[@p7='?' (DbType = Int32), @p0='?' (DbType = DateTime2), @p1='?' (Size = 450), @p2='?' (DbType = Boolean), @p3='?' (Size = 4000), @p4='?' (Size = 4000), @p5='?' (DbType = DateTime2), @p6='?' (Size = 4000)], CommandType='"Text"', CommandTimeout='30']
SET IMPLICIT_TRANSACTIONS OFF;
SET NOCOUNT ON;
UPDATE [Users] SET [CreatedAt] = @p0, [Email] = @p1, [IsActive] = @p2, [PasswordHash] = @p3, [RefreshToken] = @p4, [RefreshTokenExpiresAt] = @p5, [Username] = @p6
OUTPUT 1
WHERE [Id] = @p7;
2026-08-11 09:06:00.005 +03:00 [INF] Executing OkObjectResult, writing value of type 'ECommerceManagement.Application.DTOs.Auth.TokenResponseDto'.
2026-08-11 09:06:00.009 +03:00 [INF] Executed action ECommerceManagement.Api.Controllers.AuthController.Login (ECommerceManagement.Api) in 198.1913ms
2026-08-11 09:06:00.009 +03:00 [INF] Executed endpoint 'ECommerceManagement.Api.Controllers.AuthController.Login (ECommerceManagement.Api)'
2026-08-11 09:06:00.009 +03:00 [INF] HTTP POST /api/Auth/login responded 200 in 241.8241 ms
2026-08-11 09:06:00.011 +03:00 [INF] Request finished HTTP/1.1 POST http://localhost:5275/api/Auth/login - 200 null application/json; charset=utf-8 244.1743ms
2026-08-11 09:06:48.644 +03:00 [INF] Request starting HTTP/1.1 GET http://localhost:5275/api/Seller/products?sellerId=1 - null null
2026-08-11 09:06:48.684 +03:00 [INF] Executing endpoint 'ECommerceManagement.Api.Controllers.SellerController.GetMyProducts (ECommerceManagement.Api)'
2026-08-11 09:06:48.689 +03:00 [INF] Route matched with {action = "GetMyProducts", controller = "Seller"}. Executing controller action with signature System.Threading.Tasks.Task`1[Microsoft.AspNetCore.Mvc.IActionResult] GetMyProducts(Int32) on controller ECommerceManagement.Api.Controllers.SellerController (ECommerceManagement.Api).
2026-08-11 09:06:48.778 +03:00 [INF] Executed DbCommand (36ms) [Parameters=[], CommandType='"Text"', CommandTimeout='30']
SELECT [p].[Id], [p].[CategoryId], [p].[CreatedAt], [p].[IsActive], [p].[Name], [p].[Price], [p].[Quantity], [p].[SellerId], [p].[Sku], [p].[UpdatedAt], [p].[WarehouseId], [c].[Id], [c].[CreatedAt], [c].[Name], [c].[ParentCategoryId], [s].[Id], [s].[CompanyName], [s].[ContactEmail], [s].[CreatedAt], [s].[TaxNumber], [s].[UserId], [w].[Id], [w].[CreatedAt], [w].[IsActive], [w].[Location], [w].[Name]
FROM [Products] AS [p]
INNER JOIN [Categories] AS [c] ON [p].[CategoryId] = [c].[Id]
INNER JOIN [Sellers] AS [s] ON [p].[SellerId] = [s].[Id]
INNER JOIN [Warehouses] AS [w] ON [p].[WarehouseId] = [w].[Id]
2026-08-11 09:06:48.783 +03:00 [INF] Executing OkObjectResult, writing value of type 'System.Collections.Generic.List`1[[ECommerceManagement.Application.DTOs.Catalog.SellerProductDto, ECommerceManagement.Application, Version=1.0.0.0, Culture=neutral, PublicKeyToken=null]]'.
2026-08-11 09:06:48.786 +03:00 [INF] Executed action ECommerceManagement.Api.Controllers.SellerController.GetMyProducts (ECommerceManagement.Api) in 96.434ms
2026-08-11 09:06:48.786 +03:00 [INF] Executed endpoint 'ECommerceManagement.Api.Controllers.SellerController.GetMyProducts (ECommerceManagement.Api)'
2026-08-11 09:06:48.786 +03:00 [INF] HTTP GET /api/Seller/products responded 200 in 137.1290 ms
2026-08-11 09:06:48.786 +03:00 [INF] Request finished HTTP/1.1 GET http://localhost:5275/api/Seller/products?sellerId=1 - 200 null application/json; charset=utf-8 142.0264ms
2026-08-11 09:08:13.165 +03:00 [INF] Request starting HTTP/1.1 GET http://localhost:5275/api/CustomerOrder/orders?customerId=1 - null null
2026-08-11 09:08:13.178 +03:00 [INF] Executing endpoint 'ECommerceManagement.Api.Controllers.CustomerOrderController.GetMyOrders (ECommerceManagement.Api)'
2026-08-11 09:08:13.187 +03:00 [INF] Route matched with {action = "GetMyOrders", controller = "CustomerOrder"}. Executing controller action with signature System.Threading.Tasks.Task`1[Microsoft.AspNetCore.Mvc.IActionResult] GetMyOrders(Int32) on controller ECommerceManagement.Api.Controllers.CustomerOrderController (ECommerceManagement.Api).
2026-08-11 09:08:13.245 +03:00 [INF] Executed DbCommand (29ms) [Parameters=[], CommandType='"Text"', CommandTimeout='30']
SELECT [o].[Id], [o].[BillingAddressId], [o].[CreatedAt], [o].[CustomerId], [o].[SellerId], [o].[ShippingAddressId], [o].[Status], [o].[TotalAmount], [o].[UpdatedAt], [c].[Id], [c].[CreatedAt], [c].[FirstName], [c].[LastName], [c].[Phone], [c].[UserId], [o0].[Id], [o0].[CreatedAt], [o0].[LineTotal], [o0].[OrderId], [o0].[ProductId], [o0].[Quantity], [o0].[UnitPrice]
FROM [Orders] AS [o]
INNER JOIN [Customers] AS [c] ON [o].[CustomerId] = [c].[Id]
LEFT JOIN [OrderItems] AS [o0] ON [o].[Id] = [o0].[OrderId]
ORDER BY [o].[Id], [c].[Id]
2026-08-11 09:08:13.252 +03:00 [INF] Executed DbCommand (4ms) [Parameters=[], CommandType='"Text"', CommandTimeout='30']
SELECT [p].[Id], [p].[CategoryId], [p].[CreatedAt], [p].[IsActive], [p].[Name], [p].[Price], [p].[Quantity], [p].[SellerId], [p].[Sku], [p].[UpdatedAt], [p].[WarehouseId]
FROM [Products] AS [p]
2026-08-11 09:08:13.253 +03:00 [INF] Executing OkObjectResult, writing value of type 'System.Linq.Enumerable+ListWhereSelectIterator`2[[ECommerceManagement.Domain.Entities.Order, ECommerceManagement.Domain, Version=1.0.0.0, Culture=neutral, PublicKeyToken=null],[ECommerceManagement.Application.DTOs.Orders.OrderDto, ECommerceManagement.Application, Version=1.0.0.0, Culture=neutral, PublicKeyToken=null]]'.
2026-08-11 09:08:13.257 +03:00 [INF] Executed action ECommerceManagement.Api.Controllers.CustomerOrderController.GetMyOrders (ECommerceManagement.Api) in 69.0362ms
2026-08-11 09:08:13.257 +03:00 [INF] Executed endpoint 'ECommerceManagement.Api.Controllers.CustomerOrderController.GetMyOrders (ECommerceManagement.Api)'
2026-08-11 09:08:13.257 +03:00 [INF] HTTP GET /api/CustomerOrder/orders responded 200 in 88.0486 ms
2026-08-11 09:08:13.257 +03:00 [INF] Request finished HTTP/1.1 GET http://localhost:5275/api/CustomerOrder/orders?customerId=1 - 200 null application/json; charset=utf-8 92.7091ms
2026-08-11 09:08:45.197 +03:00 [INF] Application is shutting down...
2026-08-11 10:01:31.422 +03:00 [INF] Executed DbCommand (26ms) [Parameters=[], CommandType='"Text"', CommandTimeout='30']
SELECT CASE
    WHEN EXISTS (
        SELECT 1
        FROM [Users] AS [u]
        WHERE [u].[Email] = N'superadmin@sistem.com') THEN CAST(1 AS bit)
    ELSE CAST(0 AS bit)
END
2026-08-11 10:01:31.444 +03:00 [INF] Executed DbCommand (3ms) [Parameters=[], CommandType='"Text"', CommandTimeout='30']
SELECT CASE
    WHEN EXISTS (
        SELECT 1
        FROM [Users] AS [u]
        WHERE [u].[Email] = N'admin@sistem.com') THEN CAST(1 AS bit)
    ELSE CAST(0 AS bit)
END
2026-08-11 10:01:31.447 +03:00 [INF] User profile is available. Using '/Users/yigit/.aspnet/DataProtection-Keys' as key repository; keys will not be encrypted at rest.
2026-08-11 10:01:31.465 +03:00 [INF] Now listening on: http://localhost:5275
2026-08-11 10:01:31.465 +03:00 [INF] Application started. Press Ctrl+C to shut down.
2026-08-11 10:01:31.465 +03:00 [INF] Hosting environment: Development
2026-08-11 10:01:31.465 +03:00 [INF] Content root path: /Users/yigit/RiderProjects/ECommerceManagement/src/ECommerceManagement.Api
2026-08-11 10:01:33.213 +03:00 [INF] Application is shutting down...
2026-08-11 11:05:22.934 +03:00 [INF] Executed DbCommand (18ms) [Parameters=[], CommandType='"Text"', CommandTimeout='30']
SELECT CASE
    WHEN EXISTS (
        SELECT 1
        FROM [Users] AS [u]
        WHERE [u].[Email] = N'superadmin@sistem.com') THEN CAST(1 AS bit)
    ELSE CAST(0 AS bit)
END
2026-08-11 11:05:22.954 +03:00 [INF] Executed DbCommand (3ms) [Parameters=[], CommandType='"Text"', CommandTimeout='30']
SELECT CASE
    WHEN EXISTS (
        SELECT 1
        FROM [Users] AS [u]
        WHERE [u].[Email] = N'admin@sistem.com') THEN CAST(1 AS bit)
    ELSE CAST(0 AS bit)
END
2026-08-11 11:05:22.958 +03:00 [INF] User profile is available. Using '/Users/yigit/.aspnet/DataProtection-Keys' as key repository; keys will not be encrypted at rest.
2026-08-11 11:05:22.973 +03:00 [INF] Now listening on: http://localhost:5275
2026-08-11 11:05:22.974 +03:00 [INF] Application started. Press Ctrl+C to shut down.
2026-08-11 11:05:22.974 +03:00 [INF] Hosting environment: Development
2026-08-11 11:05:22.974 +03:00 [INF] Content root path: /Users/yigit/RiderProjects/ECommerceManagement/src/ECommerceManagement.Api
2026-08-11 11:05:25.777 +03:00 [INF] Request starting HTTP/1.1 GET http://localhost:5275/index.html - null null
2026-08-11 11:05:25.806 +03:00 [INF] HTTP GET /index.html responded 200 in 20.1708 ms
2026-08-11 11:05:25.807 +03:00 [INF] Request finished HTTP/1.1 GET http://localhost:5275/index.html - 200 null text/html;charset=utf-8 31.2187ms
2026-08-11 11:05:26.297 +03:00 [INF] Request starting HTTP/1.1 GET http://localhost:5275/swagger/v1/swagger.json - null null
2026-08-11 11:05:26.322 +03:00 [INF] HTTP GET /swagger/v1/swagger.json responded 200 in 25.0795 ms
2026-08-11 11:05:26.323 +03:00 [INF] Request finished HTTP/1.1 GET http://localhost:5275/swagger/v1/swagger.json - 200 null application/json;charset=utf-8 25.8177ms
2026-08-11 11:09:36.755 +03:00 [INF] Request starting HTTP/1.1 GET http://localhost:5275/api/Catalog/products - null null
2026-08-11 11:09:36.764 +03:00 [WRN] Failed to determine the https port for redirect.
2026-08-11 11:09:36.797 +03:00 [INF] Executing endpoint 'ECommerceManagement.Api.Controllers.CatalogController.GetActiveProducts (ECommerceManagement.Api)'
2026-08-11 11:09:36.808 +03:00 [INF] Route matched with {action = "GetActiveProducts", controller = "Catalog"}. Executing controller action with signature System.Threading.Tasks.Task`1[Microsoft.AspNetCore.Mvc.ActionResult`1[ECommerceManagement.Application.Common.PagedResultDto`1[ECommerceManagement.Application.DTOs.Catalog.ProductDto]]] GetActiveProducts(ECommerceManagement.Application.Common.ProductFilterDto) on controller ECommerceManagement.Api.Controllers.CatalogController (ECommerceManagement.Api).
2026-08-11 11:09:36.843 +03:00 [WRN] You do not have a valid license key for the Lucky Penny software AutoMapper. This is allowed for development and testing scenarios. If you are running in production you are required to have a licensed version. Please visit https://luckypennysoftware.com to obtain a valid license.
2026-08-11 11:09:36.883 +03:00 [INF] Executed DbCommand (17ms) [Parameters=[], CommandType='"Text"', CommandTimeout='30']
SELECT COUNT(*)
FROM [Products] AS [p]
WHERE [p].[IsActive] = CAST(1 AS bit) AND [p].[Quantity] > 0
2026-08-11 11:09:36.940 +03:00 [INF] Executed DbCommand (25ms) [Parameters=[@p='?' (DbType = Int32), @p1='?' (DbType = Int32)], CommandType='"Text"', CommandTimeout='30']
SELECT [p0].[Id], [p0].[CategoryId], [p0].[CreatedAt], [p0].[IsActive], [p0].[Name], [p0].[Price], [p0].[Quantity], [p0].[SellerId], [p0].[Sku], [p0].[UpdatedAt], [p0].[WarehouseId], [c].[Id], [c].[CreatedAt], [c].[Name], [c].[ParentCategoryId], [s].[Id], [s].[CompanyName], [s].[ContactEmail], [s].[CreatedAt], [s].[TaxNumber], [s].[UserId], [w].[Id], [w].[CreatedAt], [w].[IsActive], [w].[Location], [w].[Name]
FROM (
    SELECT [p].[Id], [p].[CategoryId], [p].[CreatedAt], [p].[IsActive], [p].[Name], [p].[Price], [p].[Quantity], [p].[SellerId], [p].[Sku], [p].[UpdatedAt], [p].[WarehouseId]
    FROM [Products] AS [p]
    WHERE [p].[IsActive] = CAST(1 AS bit) AND [p].[Quantity] > 0
    ORDER BY [p].[CreatedAt] DESC
    OFFSET @p ROWS FETCH NEXT @p1 ROWS ONLY
) AS [p0]
INNER JOIN [Categories] AS [c] ON [p0].[CategoryId] = [c].[Id]
INNER JOIN [Sellers] AS [s] ON [p0].[SellerId] = [s].[Id]
INNER JOIN [Warehouses] AS [w] ON [p0].[WarehouseId] = [w].[Id]
ORDER BY [p0].[CreatedAt] DESC
2026-08-11 11:09:36.946 +03:00 [INF] Executing OkObjectResult, writing value of type 'ECommerceManagement.Application.Common.PagedResultDto`1[[ECommerceManagement.Application.DTOs.Catalog.ProductDto, ECommerceManagement.Application, Version=1.0.0.0, Culture=neutral, PublicKeyToken=null]]'.
2026-08-11 11:09:36.954 +03:00 [INF] Executed action ECommerceManagement.Api.Controllers.CatalogController.GetActiveProducts (ECommerceManagement.Api) in 144.8746ms
2026-08-11 11:09:36.954 +03:00 [INF] Executed endpoint 'ECommerceManagement.Api.Controllers.CatalogController.GetActiveProducts (ECommerceManagement.Api)'
2026-08-11 11:09:36.954 +03:00 [INF] HTTP GET /api/Catalog/products responded 200 in 196.3617 ms
2026-08-11 11:09:36.955 +03:00 [INF] Request finished HTTP/1.1 GET http://localhost:5275/api/Catalog/products - 200 null application/json; charset=utf-8 200.5482ms
2026-08-11 11:12:20.259 +03:00 [INF] Application is shutting down...
2026-08-11 11:21:54.234 +03:00 [INF] Executed DbCommand (12ms) [Parameters=[], CommandType='"Text"', CommandTimeout='30']
SELECT CASE
    WHEN EXISTS (
        SELECT 1
        FROM [Users] AS [u]
        WHERE [u].[Email] = N'superadmin@sistem.com') THEN CAST(1 AS bit)
    ELSE CAST(0 AS bit)
END
2026-08-11 11:21:54.254 +03:00 [INF] Executed DbCommand (2ms) [Parameters=[], CommandType='"Text"', CommandTimeout='30']
SELECT CASE
    WHEN EXISTS (
        SELECT 1
        FROM [Users] AS [u]
        WHERE [u].[Email] = N'admin@sistem.com') THEN CAST(1 AS bit)
    ELSE CAST(0 AS bit)
END
2026-08-11 11:21:54.258 +03:00 [INF] User profile is available. Using '/Users/yigit/.aspnet/DataProtection-Keys' as key repository; keys will not be encrypted at rest.
2026-08-11 11:21:54.275 +03:00 [INF] Now listening on: http://localhost:5275
2026-08-11 11:21:54.276 +03:00 [INF] Application started. Press Ctrl+C to shut down.
2026-08-11 11:21:54.276 +03:00 [INF] Hosting environment: Development
2026-08-11 11:21:54.276 +03:00 [INF] Content root path: /Users/yigit/RiderProjects/ECommerceManagement/src/ECommerceManagement.Api
2026-08-11 11:21:56.189 +03:00 [INF] Application is shutting down...
